[0m14:37:00.878591 [debug] [MainThread]: Sending event: {'category': 'dbt', 'action': 'invocation', 'label': 'start', 'context': [<snowplow_tracker.self_describing_json.SelfDescribingJson object at 0x7897c2415cd0>, <snowplow_tracker.self_describing_json.SelfDescribingJson object at 0x7897c246e990>, <snowplow_tracker.self_describing_json.SelfDescribingJson object at 0x7897c247bb50>]}


============================== 14:37:00.885454 | d9113e61-fd73-41e6-b6a0-82dc46b01434 ==============================
[0m14:37:00.885454 [info ] [MainThread]: Running with dbt=1.11.8
[0m14:37:00.885746 [debug] [MainThread]: running dbt with arguments {'log_format': 'default', 'indirect_selection': 'eager', 'warn_error': 'None', 'introspect': 'True', 'profiles_dir': '/root/.dbt', 'no_print': 'None', 'use_experimental_parser': 'False', 'log_cache_events': 'False', 'write_json': 'True', 'partial_parse': 'True', 'use_colors': 'True', 'log_path': 'logs', 'debug': 'False', 'invocation_command': 'dbt init bookshop_dbt', 'static_parser': 'True', 'version_check': 'True', 'cache_selected_only': 'False', 'send_anonymous_usage_stats': 'True', 'quiet': 'False', 'fail_fast': 'False', 'empty': 'None', 'printer_width': '80', 'target_path': 'None', 'warn_error_options': 'WarnErrorOptionsV2(error=[], warn=[], silence=[])'}
[0m14:37:00.892892 [info ] [MainThread]: Creating dbt configuration folder at /root/.dbt
[0m14:37:00.894040 [debug] [MainThread]: Starter project path: /usr/local/lib/python3.11/site-packages/dbt/include/starter_project
[0m14:37:00.895266 [info ] [MainThread]: 
Your new dbt project "bookshop_dbt" was created!

For more information on how to configure the profiles.yml file,
please consult the dbt documentation here:

  https://docs.getdbt.com/docs/configure-your-profile

One more thing:

Need help? Don't hesitate to reach out to us via GitHub issues or on Slack:

  https://community.getdbt.com/

Happy modeling!

[0m14:37:00.895484 [info ] [MainThread]: Setting up your profile.
[0m14:37:41.405965 [debug] [MainThread]: Snowflake adapter: Setting snowflake.connector to ERROR (file logging only)
[0m14:37:41.406436 [debug] [MainThread]: Snowflake adapter: Setting botocore to ERROR (file logging only)
[0m14:37:41.406605 [debug] [MainThread]: Snowflake adapter: Setting boto3 to ERROR (file logging only)
[0m14:42:16.101791 [info ] [MainThread]: Profile bookshop_dbt written to /root/.dbt/profiles.yml using target's profile_template.yml and your supplied values. Run 'dbt debug' to validate the connection.
[0m14:42:16.105146 [debug] [MainThread]: Resource report: {"command_name": "init", "command_success": true, "command_wall_clock_time": 315.25793, "process_in_blocks": "8576", "process_kernel_time": 0.164733, "process_mem_max_rss": "133368", "process_out_blocks": "3696", "process_user_time": 1.279926}
[0m14:42:16.106889 [debug] [MainThread]: Command `dbt init` succeeded at 14:42:16.106595 after 315.26 seconds
[0m14:42:16.107626 [debug] [MainThread]: Sending event: {'category': 'dbt', 'action': 'invocation', 'label': 'end', 'context': [<snowplow_tracker.self_describing_json.SelfDescribingJson object at 0x7897c2464490>, <snowplow_tracker.self_describing_json.SelfDescribingJson object at 0x7897c717d790>, <snowplow_tracker.self_describing_json.SelfDescribingJson object at 0x7897c25aea90>]}
[0m14:42:16.108324 [debug] [MainThread]: Flushing usage events
[0m14:42:17.354249 [debug] [MainThread]: An error was encountered while trying to flush usage events
